<!DOCTYPE html><html>

<head>
    <title>Test</title>
</head>

<body id="cas">
<span>test</span>
<span>test</span>
<span>test</span>
</body>
</html>
